[0m17:06:03.065258 [debug] [MainThread]: Sending event: {'category': 'dbt', 'action': 'invocation', 'label': 'start', 'context': [<snowplow_tracker.self_describing_json.SelfDescribingJson object at 0x7e17ee45a000>, <snowplow_tracker.self_describing_json.SelfDescribingJson object at 0x7e17ef22d580>, <snowplow_tracker.self_describing_json.SelfDescribingJson object at 0x7e17ee459f40>]}


============================== 17:06:03.119793 | 6f73af9e-bb63-4481-8258-bf8e0fb3ecba ==============================
[0m17:06:03.119793 [info ] [MainThread]: Running with dbt=1.12.3
[0m17:06:03.123007 [debug] [MainThread]: running dbt with arguments {'warn_error_options': 'WarnErrorOptionsV2(error=[], warn=[], silence=[])', 'partial_parse': 'True', 'empty': 'None', 'printer_width': '80', 'profiles_dir': '/home/vscode/.dbt', 'introspect': 'True', 'quiet': 'False', 'version_check': 'True', 'static_parser': 'True', 'target_path': 'None', 'send_anonymous_usage_stats': 'True', 'maximum_seed_size_mib': '1', 'hints_enabled': 'True', 'use_experimental_parser': 'False', 'log_format': 'default', 'fail_fast': 'False', 'log_path': 'logs', 'use_colors': 'True', 'invocation_command': 'dbt init transformer', 'debug': 'False', 'indirect_selection': 'eager', 'write_json': 'True', 'no_print': 'None', 'log_cache_events': 'False', 'warn_error': 'None', 'cache_selected_only': 'False'}
[0m17:06:03.144443 [info ] [MainThread]: Creating dbt configuration folder at /home/vscode/.dbt
[0m17:06:03.146305 [debug] [MainThread]: Starter project path: /home/vscode/.local/lib/python3.12/site-packages/dbt/include/starter_project
[0m17:06:03.237081 [info ] [MainThread]: Setting up your profile.
[0m17:06:29.403350 [debug] [MainThread]: Snowflake adapter: Setting snowflake.connector to ERROR (file logging only)
[0m17:06:29.404007 [debug] [MainThread]: Snowflake adapter: Setting botocore to ERROR (file logging only)
[0m17:06:29.404501 [debug] [MainThread]: Snowflake adapter: Setting boto3 to ERROR (file logging only)
[0m17:13:02.656678 [error] [MainThread]: [[31mERROR[0m]: Encountered an error:

[0m17:13:02.669826 [error] [MainThread]: Traceback (most recent call last):
  File "/home/vscode/.local/lib/python3.12/site-packages/dbt/cli/requires.py", line 198, in wrapper
    result, success = func(*args, **kwargs)
                      ^^^^^^^^^^^^^^^^^^^^^
  File "/home/vscode/.local/lib/python3.12/site-packages/dbt/cli/requires.py", line 144, in wrapper
    return func(*args, **kwargs)
           ^^^^^^^^^^^^^^^^^^^^^
  File "/home/vscode/.local/lib/python3.12/site-packages/dbt/cli/main.py", line 504, in init
    results = task.run()
              ^^^^^^^^^^
  File "/home/vscode/.local/lib/python3.12/site-packages/dbt/task/init.py", line 363, in run
    self.setup_profile(profile_name)
  File "/home/vscode/.local/lib/python3.12/site-packages/dbt/task/init.py", line 265, in setup_profile
    self.create_profile_from_target(adapter, profile_name=profile_name)
  File "/home/vscode/.local/lib/python3.12/site-packages/dbt/task/init.py", line 182, in create_profile_from_target
    self.create_profile_from_profile_template(profile_template, profile_name)
  File "/home/vscode/.local/lib/python3.12/site-packages/dbt/task/init.py", line 166, in create_profile_from_profile_template
    target = self.generate_target_from_input(prompts, initial_target)
             ^^^^^^^^^^^^^^^^^^^^^^^^^^^^^^^^^^^^^^^^^^^^^^^^^^^^^^^^
  File "/home/vscode/.local/lib/python3.12/site-packages/dbt/task/init.py", line 119, in generate_target_from_input
    target = self.generate_target_from_input(
             ^^^^^^^^^^^^^^^^^^^^^^^^^^^^^^^^
  File "/home/vscode/.local/lib/python3.12/site-packages/dbt/task/init.py", line 132, in generate_target_from_input
    target[key] = click.prompt(
                  ^^^^^^^^^^^^^
  File "/home/vscode/.local/lib/python3.12/site-packages/click/termui.py", line 262, in prompt
    value = prompt_func(prompt)
            ^^^^^^^^^^^^^^^^^^^
  File "/home/vscode/.local/lib/python3.12/site-packages/click/termui.py", line 245, in prompt_func
    raise Abort() from None
click.exceptions.Abort

[0m17:13:02.672233 [debug] [MainThread]: Resource report: {"command_name": "init", "command_success": false, "command_wall_clock_time": 419.77762, "process_in_blocks": "50280", "process_kernel_time": 0.440294, "process_mem_max_rss": "144164", "process_out_blocks": "96", "process_user_time": 2.908285}
[0m17:13:02.673255 [debug] [MainThread]: Command `dbt init` failed at 17:13:02.673138 after 419.78 seconds
[0m17:13:02.673705 [debug] [MainThread]: Sending event: {'category': 'dbt', 'action': 'invocation', 'label': 'end', 'context': [<snowplow_tracker.self_describing_json.SelfDescribingJson object at 0x7e17f0072030>, <snowplow_tracker.self_describing_json.SelfDescribingJson object at 0x7e17ecc44b30>, <snowplow_tracker.self_describing_json.SelfDescribingJson object at 0x7e17ec7783b0>]}
[0m17:13:02.674162 [debug] [MainThread]: Flushing usage events
[0m17:13:02.746601 [debug] [MainThread]: An error was encountered while trying to flush usage events
[0m17:18:41.093444 [debug] [MainThread]: Sending event: {'category': 'dbt', 'action': 'invocation', 'label': 'start', 'context': [<snowplow_tracker.self_describing_json.SelfDescribingJson object at 0x7d7e67656300>, <snowplow_tracker.self_describing_json.SelfDescribingJson object at 0x7d7e683be720>, <snowplow_tracker.self_describing_json.SelfDescribingJson object at 0x7d7e6a7496a0>]}


============================== 17:18:41.108540 | 350846ff-c0b9-474d-a3c1-db404cb361f2 ==============================
[0m17:18:41.108540 [info ] [MainThread]: Running with dbt=1.12.3
[0m17:18:41.109555 [debug] [MainThread]: running dbt with arguments {'introspect': 'True', 'warn_error_options': 'WarnErrorOptionsV2(error=[], warn=[], silence=[])', 'debug': 'False', 'hints_enabled': 'True', 'log_path': 'logs', 'maximum_seed_size_mib': '1', 'profiles_dir': '/home/vscode/.dbt', 'indirect_selection': 'eager', 'version_check': 'True', 'target_path': 'None', 'use_colors': 'True', 'empty': 'None', 'log_format': 'default', 'use_experimental_parser': 'False', 'write_json': 'True', 'fail_fast': 'False', 'cache_selected_only': 'False', 'quiet': 'False', 'static_parser': 'True', 'printer_width': '80', 'warn_error': 'None', 'send_anonymous_usage_stats': 'True', 'log_cache_events': 'False', 'partial_parse': 'True', 'invocation_command': 'dbt init transformer', 'no_print': 'None'}
[0m17:18:41.130927 [info ] [MainThread]: A project called transformer already exists here.
[0m17:18:41.133622 [debug] [MainThread]: Resource report: {"command_name": "init", "command_success": true, "command_wall_clock_time": 0.21543281, "process_in_blocks": "32568", "process_kernel_time": 0.319005, "process_mem_max_rss": "113028", "process_out_blocks": "8", "process_user_time": 2.636045}
[0m17:18:41.134505 [debug] [MainThread]: Command `dbt init` succeeded at 17:18:41.134323 after 0.22 seconds
[0m17:18:41.135188 [debug] [MainThread]: Sending event: {'category': 'dbt', 'action': 'invocation', 'label': 'end', 'context': [<snowplow_tracker.self_describing_json.SelfDescribingJson object at 0x7d7e67858800>, <snowplow_tracker.self_describing_json.SelfDescribingJson object at 0x7d7e67441d60>, <snowplow_tracker.self_describing_json.SelfDescribingJson object at 0x7d7e6820b9e0>]}
[0m17:18:41.135938 [debug] [MainThread]: Flushing usage events
[0m17:18:41.226181 [debug] [MainThread]: An error was encountered while trying to flush usage events
